1761532714223:hello
1761532715892:help
1761532755133:stacktrace
1761532757629:clear
1761532760009:help
1761532879825:hello
1761532879826:exit
1761532910506:hello
1761532910507:quit
1761532945274:help
1761532949999:hello
1761533022253:help
1761533022302:hello
1761533043891:help
1761533043941:hello
1761535211758:help
1761535216682:version
1761535220027:script
1761535223873:help
1761536278065:copy "Hello World"
1761536278097:get-clip
1761536383764:copy trying to copy this text
1761536412575:get-clip
1761537742592:help
1761537777392:hello
1761537784094:copy dogs and cats
1761537791717:get-clip
1761537816689:copy wowowowowowoow and hats
1761538050028:get-clip
1761538247460:copy copymegang
1761538274045:get-clip
1761538497407:help
1761538506238:get
1761538508701:get 1
1761538511627:get 2
1761538515295:history
1761538529414:get-clip
1761538561233:history
1761538585822:help
1761538591492:get 3
1761538593854:get 2
1761538595311:get 1
1761538596493:get
1761538599227:get 10
1761538601444:get 4
1761538602935:history
1761578281201:light
1761579695958:help
1761579703134:dadjoke
1761579787443:jokes 2
1761686241149:help
1761686247884:jokes
1761686251351:jokes 2
1761686260378:help
1761686272440:get
1761686274623:get 2
1761686294603:get 1
1761686303941:hello
1761686311444:get-clip
1761686318672:help
1761686320658:get
1761686322746:get 2
1761686338391:get 1
1761686435471:help
1761686443979:jokes
1761686447817:jokes 3
1761686466719:jokes 1
1761686476261:jokes 4
1761686524958:jokes 5
1761686547023:help
1761686552129:devices
1761686577556:script
1761686580732:version
1761686584278:history
1761686595195:help
1761694154362:jokes
1761694158451:dadjoke
1761694168238:jokes 2
1761755066261:list_downloads
1761755118335:help
1761755124246:get-clip
1761755242140:stacktrace
1761755511327:help
1761755521204:list_downloads
